============================= test session starts =============================
platform win32 -- Python 3.11.7, pytest-9.0.2, pluggy-1.6.0 -- D:\Projects\CropGuard\.venv\Scripts\python.exe
cachedir: .pytest_cache
rootdir: D:\Projects\CropGuard\backend
configfile: pytest.ini
plugins: anyio-4.12.0, asyncio-1.3.0
asyncio: mode=Mode.AUTO, debug=False, asyncio_default_fixture_loop_scope=None, asyncio_default_test_loop_scope=function
collecting ... collected 12 items / 1 error

=================================== ERRORS ====================================
_______________ ERROR collecting tests/test_inference_engine.py _______________
ImportError while importing test module 'D:\Projects\CropGuard\backend\tests\test_inference_engine.py'.
Hint: make sure your test modules/packages have valid Python names.
Traceback:
C:\Users\Yash\AppData\Local\Programs\Python\Python311\Lib\importlib\__init__.py:126: in import_module
    return _bootstrap._gcd_import(name[level:], package, level)
           ^^^^^^^^^^^^^^^^^^^^^^^^^^^^^^^^^^^^^^^^^^^^^^^^^^^^
tests\test_inference_engine.py:13: in <module>
    from ai.dataset_config import CLASS_NAMES, MODEL_CONFIG
E   ImportError: cannot import name 'CLASS_NAMES' from 'ai.dataset_config' (D:\Projects\CropGuard\backend\ai\dataset_config.py)
============================== warnings summary ===============================
..\.venv\Lib\site-packages\httplib2\auth.py:19
  D:\Projects\CropGuard\.venv\Lib\site-packages\httplib2\auth.py:19: DeprecationWarning: 'setName' deprecated - use 'set_name'
    token = pp.Word(tchar).setName("token")

..\.venv\Lib\site-packages\httplib2\auth.py:20
  D:\Projects\CropGuard\.venv\Lib\site-packages\httplib2\auth.py:20: DeprecationWarning: 'leaveWhitespace' deprecated - use 'leave_whitespace'
    token68 = pp.Combine(pp.Word("-._~+/" + pp.nums + pp.alphas) + pp.Optional(pp.Word("=").leaveWhitespace())).setName(

..\.venv\Lib\site-packages\httplib2\auth.py:20
  D:\Projects\CropGuard\.venv\Lib\site-packages\httplib2\auth.py:20: DeprecationWarning: 'setName' deprecated - use 'set_name'
    token68 = pp.Combine(pp.Word("-._~+/" + pp.nums + pp.alphas) + pp.Optional(pp.Word("=").leaveWhitespace())).setName(

..\.venv\Lib\site-packages\httplib2\auth.py:24
  D:\Projects\CropGuard\.venv\Lib\site-packages\httplib2\auth.py:24: DeprecationWarning: 'setName' deprecated - use 'set_name'
    quoted_string = pp.dblQuotedString.copy().setName("quoted-string").setParseAction(unquote)

..\.venv\Lib\site-packages\httplib2\auth.py:24
  D:\Projects\CropGuard\.venv\Lib\site-packages\httplib2\auth.py:24: DeprecationWarning: 'setParseAction' deprecated - use 'set_parse_action'
    quoted_string = pp.dblQuotedString.copy().setName("quoted-string").setParseAction(unquote)

..\.venv\Lib\site-packages\httplib2\auth.py:25
  D:\Projects\CropGuard\.venv\Lib\site-packages\httplib2\auth.py:25: DeprecationWarning: 'setName' deprecated - use 'set_name'
    auth_param_name = token.copy().setName("auth-param-name").addParseAction(downcaseTokens)

..\.venv\Lib\site-packages\httplib2\auth.py:25
  D:\Projects\CropGuard\.venv\Lib\site-packages\httplib2\auth.py:25: DeprecationWarning: 'addParseAction' deprecated - use 'add_parse_action'
    auth_param_name = token.copy().setName("auth-param-name").addParseAction(downcaseTokens)

..\.venv\Lib\site-packages\httplib2\auth.py:27
  D:\Projects\CropGuard\.venv\Lib\site-packages\httplib2\auth.py:27: DeprecationWarning: 'delimitedList' deprecated - use 'DelimitedList'
    params = pp.Dict(pp.delimitedList(pp.Group(auth_param)))

..\.venv\Lib\site-packages\httplib2\auth.py:33
  D:\Projects\CropGuard\.venv\Lib\site-packages\httplib2\auth.py:33: DeprecationWarning: 'delimitedList' deprecated - use 'DelimitedList'
    www_authenticate = pp.delimitedList(pp.Group(challenge))

..\.venv\Lib\site-packages\keras\src\export\tf2onnx_lib.py:8
  D:\Projects\CropGuard\.venv\Lib\site-packages\keras\src\export\tf2onnx_lib.py:8: FutureWarning: In the future `np.object` will be defined as the corresponding NumPy scalar.
    if not hasattr(np, "object"):

api\v2\search.py:9
  D:\Projects\CropGuard\backend\api\v2\search.py:9: FutureWarning: 
  
  All support for the `google.generativeai` package has ended. It will no longer be receiving 
  updates or bug fixes. Please switch to the `google.genai` package as soon as possible.
  See README for more details:
  
  https://github.com/google-gemini/deprecated-generative-ai-python/blob/main/README.md
  
    import google.generativeai as genai

main.py:70
  D:\Projects\CropGuard\backend\main.py:70: DeprecationWarning: 
          on_event is deprecated, use lifespan event handlers instead.
  
          Read more about it in the
          [FastAPI docs for Lifespan Events](https://fastapi.tiangolo.com/advanced/events/).
          
    @app.on_event("startup")

..\.venv\Lib\site-packages\fastapi\applications.py:4576
  D:\Projects\CropGuard\.venv\Lib\site-packages\fastapi\applications.py:4576: DeprecationWarning: 
          on_event is deprecated, use lifespan event handlers instead.
  
          Read more about it in the
          [FastAPI docs for Lifespan Events](https://fastapi.tiangolo.com/advanced/events/).
          
    return self.router.on_event(event_type)

-- Docs: https://docs.pytest.org/en/stable/how-to/capture-warnings.html
=========================== short test summary info ===========================
ERROR tests/test_inference_engine.py
!!!!!!!!!!!!!!!!!!! Interrupted: 1 error during collection !!!!!!!!!!!!!!!!!!!!
======================== 13 warnings, 1 error in 1.01s ========================
